PASS  boot: menu screen reached  — "menu"
PASS  boot: all 5 characters loaded  — rivets,orv,sera,bolt,wonder
   shot: qa_01_menu.png
PASS  night start: screen=play
FAIL  night start: power=100
PASS  controls: mouse right => view right  — dyaw=-0.2300
PASS  controls: mouse up => view up  — dpitch=0.2300
PASS  controls: invertY option flips vertical
PASS  controls: D toggles west door
PASS  controls: D again reopens west door
PASS  controls: E toggles east door
PASS  controls: S toggles vent seal
PASS  controls: SPACE opens monitor
PASS  monitor open: usage pips rose  — pips=4
PASS  camera system: all 10 feeds selectable
PASS  camera map state tracks selection
   shot: qa_02_monitor.png
PASS  music box winds while held  — box=100
PASS  AI night1: Orv active on stage  — {"room":"stage","state":"dormant","moving":false,"doorSide":null,"pos":[0,-13.2]}
PASS  AI: forced relocation to dining applied  — {"room":"dining","state":"roam","moving":false,"doorSide":null,"pos":[0,-2.8]}
PASS  AI: Orv roams rooms over time  — {"room":"dining","state":"roam","moving":false,"doorSide":null,"pos":[0,-2.8]}
FAIL  mechanic hook: rivets present  — not active on night 1
FAIL  mechanic hook: bolt present  — not active on night 1
FAIL  mechanic hook: sera present  — not active on night 1
FAIL  mechanic hook: wonder present  — not active on night 1
PASS  death: jumpscare leads to death screen  — dead/orv
   shot: qa_03_death.png
PASS  blackout: power outage triggers  — power=0
   shot: qa_04_blackout.png
FAIL  blackout: death follows the dark  — deadBy=null
PASS  win: surviving reaches 6AM  — unlocked=2
PASS  win: unlocks next night  — unlocked=2
PASS  night 5: all five threats active  — orv,rivets,bolt,sera,wonder
PASS  lore: file unlock persisted to save  — 1
PASS  performance: headless render loop alive  — {"fps":61,"drawCalls":1,"tris":1}
FAIL  console: no page errors  — console: Failed to load resource: the server responded with a status of 404 (File not found) | pageerror: c.aggroScale is not a function | pageerror: c.aggroScale is not a function

===== QA SUMMARY: 25/32 passed =====
